// Jest Snapshot v1, https://goo.gl/fbAQLP

exports[`article list should render a list of articles 1`] = `[Function]`;
