// Jest Snapshot v1, https://goo.gl/fbAQLP

exports[`article component should render the article component 1`] = `[Function]`;
